../Core/Src/tim.c:34:6:MX_TIM2_Init	48	static
../Core/Src/tim.c:78:6:MX_TIM10_Init	8	static
../Core/Src/tim.c:104:6:MX_TIM12_Init	40	static
../Core/Src/tim.c:141:6:MX_TIM13_Init	8	static
../Core/Src/tim.c:167:6:MX_TIM14_Init	8	static
../Core/Src/tim.c:193:6:HAL_TIM_PWM_MspInit	24	static
../Core/Src/tim.c:220:6:HAL_TIM_Base_MspInit	32	static
../Core/Src/tim.c:261:6:HAL_TIM_MspPostInit	48	static
../Core/Src/tim.c:309:6:HAL_TIM_PWM_MspDeInit	16	static
../Core/Src/tim.c:336:6:HAL_TIM_Base_MspDeInit	16	static
