../Core/Src/tim.c:37:6:MX_TIM2_Init	56	static
../Core/Src/tim.c:81:6:MX_TIM3_Init	56	static
../Core/Src/tim.c:125:6:MX_TIM4_Init	56	static
../Core/Src/tim.c:169:6:MX_TIM5_Init	56	static
../Core/Src/tim.c:213:6:MX_TIM10_Init	8	static
../Core/Src/tim.c:239:6:MX_TIM12_Init	40	static
../Core/Src/tim.c:281:6:MX_TIM13_Init	40	static
../Core/Src/tim.c:322:6:MX_TIM14_Init	40	static
../Core/Src/tim.c:363:6:HAL_TIM_Encoder_MspInit	72	static
../Core/Src/tim.c:485:6:HAL_TIM_Base_MspInit	32	static
../Core/Src/tim.c:527:6:HAL_TIM_PWM_MspInit	24	static
../Core/Src/tim.c:542:6:HAL_TIM_MspPostInit	48	static
../Core/Src/tim.c:612:6:HAL_TIM_Encoder_MspDeInit	16	static
../Core/Src/tim.c:699:6:HAL_TIM_Base_MspDeInit	16	static
../Core/Src/tim.c:740:6:HAL_TIM_PWM_MspDeInit	16	static
